#-----------------------------------------------------------
# Vivado v2021.1 (64-bit)
# SW Build 3247384 on Thu Jun 10 19:36:33 MDT 2021
# IP Build 3246043 on Fri Jun 11 00:30:35 MDT 2021
# Start of session at: Wed Aug 18 20:17:38 2021
# Process ID: 23472
# Current directory: D:/Programs/vivado/CPU_CDE_SRAM/mycpu_sram_verify/run_vivado/mycpu_prj1
# Command line: vivado.exe -gui_launcher_event rodinguilauncherevent25576 D:\Programs\vivado\CPU_CDE_SRAM\mycpu_sram_verify\run_vivado\mycpu_prj1\mycpu.xpr
# Log file: D:/Programs/vivado/CPU_CDE_SRAM/mycpu_sram_verify/run_vivado/mycpu_prj1/vivado.log
# Journal file: D:/Programs/vivado/CPU_CDE_SRAM/mycpu_sram_verify/run_vivado/mycpu_prj1\vivado.jou
#-----------------------------------------------------------
start_gui
open_project D:/Programs/vivado/CPU_CDE_SRAM/mycpu_sram_verify/run_vivado/mycpu_prj1/mycpu.xpr
upgrade_project -migrate_output_products
report_ip_status -name ip_status 
update_compile_order -fileset sources_1
upgrade_ip -srcset clk_pll -vlnv xilinx.com:ip:clk_wiz:6.0 [get_ips  clk_pll] -log ip_upgrade.log
export_ip_user_files -of_objects [get_ips clk_pll] -no_script -sync -force -quiet
update_compile_order -fileset sources_1
report_ip_status -name ip_status 
add_files -norecurse {D:/Programs/vivado/CPU_CDE_SRAM/mycpu_sram_verify/rtl/myCPU/CP0_DEFINES.vh D:/Programs/vivado/CPU_CDE_SRAM/mycpu_sram_verify/rtl/myCPU/mycpu.h}
add_files -norecurse {D:/Programs/vivado/CPU_CDE_SRAM/mycpu_sram_verify/rtl/myCPU/div_fsm.v D:/Programs/vivado/CPU_CDE_SRAM/mycpu_sram_verify/rtl/myCPU/mycpu_top.v D:/Programs/vivado/CPU_CDE_SRAM/mycpu_sram_verify/rtl/myCPU/EXE_stage.v D:/Programs/vivado/CPU_CDE_SRAM/mycpu_sram_verify/rtl/myCPU/divu_fsm.v D:/Programs/vivado/CPU_CDE_SRAM/mycpu_sram_verify/rtl/myCPU/IF_stage.v D:/Programs/vivado/CPU_CDE_SRAM/mycpu_sram_verify/rtl/myCPU/WB_stage.v D:/Programs/vivado/CPU_CDE_SRAM/mycpu_sram_verify/rtl/myCPU/ID_stage.v D:/Programs/vivado/CPU_CDE_SRAM/mycpu_sram_verify/rtl/myCPU/regfile.v D:/Programs/vivado/CPU_CDE_SRAM/mycpu_sram_verify/rtl/myCPU/hazard.v D:/Programs/vivado/CPU_CDE_SRAM/mycpu_sram_verify/rtl/myCPU/MEM_stage.v D:/Programs/vivado/CPU_CDE_SRAM/mycpu_sram_verify/rtl/myCPU/cp0_reg.v D:/Programs/vivado/CPU_CDE_SRAM/mycpu_sram_verify/rtl/myCPU/alu.v D:/Programs/vivado/CPU_CDE_SRAM/mycpu_sram_verify/rtl/myCPU/tools.v}
update_compile_order -fileset sources_1
add_files -norecurse {D:/Programs/vivado/CPU_CDE_SRAM/mycpu_sram_verify/rtl/xilinx_ip/mymult/mymult.xci D:/Programs/vivado/CPU_CDE_SRAM/mycpu_sram_verify/rtl/xilinx_ip/mydivu/mydivu.xci D:/Programs/vivado/CPU_CDE_SRAM/mycpu_sram_verify/rtl/xilinx_ip/mydiv/mydiv.xci D:/Programs/vivado/CPU_CDE_SRAM/mycpu_sram_verify/rtl/xilinx_ip/mymultu/mymultu.xci}
export_ip_user_files -of_objects  [get_files  {D:/Programs/vivado/CPU_CDE_SRAM/mycpu_sram_verify/rtl/xilinx_ip/mymult/mymult.xci D:/Programs/vivado/CPU_CDE_SRAM/mycpu_sram_verify/rtl/xilinx_ip/mydivu/mydivu.xci D:/Programs/vivado/CPU_CDE_SRAM/mycpu_sram_verify/rtl/xilinx_ip/mydiv/mydiv.xci D:/Programs/vivado/CPU_CDE_SRAM/mycpu_sram_verify/rtl/xilinx_ip/mymultu/mymultu.xci}] -lib_map_path [list {modelsim=D:/Programs/vivado/CPU_CDE_SRAM/mycpu_sram_verify/run_vivado/mycpu_prj1/mycpu.cache/compile_simlib/modelsim} {questa=D:/Programs/vivado/CPU_CDE_SRAM/mycpu_sram_verify/run_vivado/mycpu_prj1/mycpu.cache/compile_simlib/questa} {riviera=D:/Programs/vivado/CPU_CDE_SRAM/mycpu_sram_verify/run_vivado/mycpu_prj1/mycpu.cache/compile_simlib/riviera} {activehdl=D:/Programs/vivado/CPU_CDE_SRAM/mycpu_sram_verify/run_vivado/mycpu_prj1/mycpu.cache/compile_simlib/activehdl}] -force -quiet
update_compile_order -fileset sources_1
export_ip_user_files -of_objects  [get_files D:/Programs/vivado/CPU_CDE_SRAM/soft/func_lab9/obj/inst_ram.coe] -no_script -reset -force -quiet
remove_files  D:/Programs/vivado/CPU_CDE_SRAM/soft/func_lab9/obj/inst_ram.coe
file mkdir D:/Programs/vivado/CPU_CDE_SRAM/mycpu_sram_verify/run_vivado/mycpu_prj1/mycpu.srcs/sources_1/new
close [ open D:/Programs/vivado/CPU_CDE_SRAM/mycpu_sram_verify/run_vivado/mycpu_prj1/mycpu.srcs/sources_1/new/fetch_fsm.v w ]
add_files D:/Programs/vivado/CPU_CDE_SRAM/mycpu_sram_verify/run_vivado/mycpu_prj1/mycpu.srcs/sources_1/new/fetch_fsm.v
update_compile_order -fileset sources_1
